2026-05-08 09:17:49 [INFO] Telegram Config Loaded. Chat ID: 6711779207
2026-05-08 09:17:49 [INFO] Screener V4.1.0 mode=SESI2 dimulai.
2026-05-08 09:17:49 [INFO] Sesi 1 dimuat → 0 saham
2026-05-08 09:17:49 [INFO] Membaca 'data/data.csv' (kolom: AADI)
2026-05-08 09:17:49 [INFO] Total ticker unik: 666
2026-05-08 09:17:51 [ERROR] $AKKU.JK: possibly delisted; no price data found  (period=1d)
2026-05-08 09:17:51 [ERROR] 
1 Failed download:
2026-05-08 09:17:51 [ERROR] ['AKKU.JK']: possibly delisted; no price data found  (period=1d)
2026-05-08 09:18:04 [ERROR] $BIKE.JK: possibly delisted; no price data found  (period=1d)
2026-05-08 09:18:04 [ERROR] 
1 Failed download:
2026-05-08 09:18:04 [ERROR] ['BIKE.JK']: possibly delisted; no price data found  (period=1d)
2026-05-08 09:18:05 [ERROR] $BLTZ.JK: possibly delisted; no price data found  (period=1d)
2026-05-08 09:18:05 [ERROR] 
1 Failed download:
2026-05-08 09:18:05 [ERROR] ['BLTZ.JK']: possibly delisted; no price data found  (period=1d)
2026-05-08 09:18:36 [ERROR] $EDGE.JK: possibly delisted; no price data found  (period=1d)
2026-05-08 09:18:36 [ERROR] 
1 Failed download:
2026-05-08 09:18:36 [ERROR] ['EDGE.JK']: possibly delisted; no price data found  (period=1d)
2026-05-08 09:18:42 [ERROR] $FASW.JK: possibly delisted; no price data found  (period=1d)
2026-05-08 09:18:42 [ERROR] 
1 Failed download:
2026-05-08 09:18:42 [ERROR] ['FASW.JK']: possibly delisted; no price data found  (period=1d)
2026-05-08 09:18:58 [ERROR] $HITS.JK: possibly delisted; no price data found  (period=1d)
2026-05-08 09:18:58 [ERROR] 
1 Failed download:
2026-05-08 09:18:58 [ERROR] ['HITS.JK']: possibly delisted; no price data found  (period=1d)
2026-05-08 09:19:01 [ERROR] $IBST.JK: possibly delisted; no price data found  (period=1d)
2026-05-08 09:19:01 [ERROR] 
1 Failed download:
2026-05-08 09:19:01 [ERROR] ['IBST.JK']: possibly delisted; no price data found  (period=1d)
2026-05-08 09:19:02 [ERROR] $IIKP.JK: possibly delisted; no price data found  (period=1d)
2026-05-08 09:19:02 [ERROR] 
1 Failed download:
2026-05-08 09:19:02 [ERROR] ['IIKP.JK']: possibly delisted; no price data found  (period=1d)
2026-05-08 09:19:08 [ERROR] $INPP.JK: possibly delisted; no price data found  (period=1d)
2026-05-08 09:19:08 [ERROR] 
1 Failed download:
2026-05-08 09:19:08 [ERROR] ['INPP.JK']: possibly delisted; no price data found  (period=1d)
2026-05-08 09:19:27 [ERROR] $KIAS.JK: possibly delisted; no price data found  (period=1d)
2026-05-08 09:19:27 [ERROR] 
1 Failed download:
2026-05-08 09:19:27 [ERROR] ['KIAS.JK']: possibly delisted; no price data found  (period=1d)
2026-05-08 09:19:31 [ERROR] $KOIN.JK: possibly delisted; no price data found  (period=1d)
2026-05-08 09:19:31 [ERROR] 
1 Failed download:
2026-05-08 09:19:31 [ERROR] ['KOIN.JK']: possibly delisted; no price data found  (period=1d)
2026-05-08 09:19:36 [ERROR] $LMSH.JK: possibly delisted; no price data found  (period=1d)
2026-05-08 09:19:36 [ERROR] 
1 Failed download:
2026-05-08 09:19:36 [ERROR] ['LMSH.JK']: possibly delisted; no price data found  (period=1d)
2026-05-08 09:19:40 [ERROR] $MAPB.JK: possibly delisted; no price data found  (period=1d)
2026-05-08 09:19:40 [ERROR] 
1 Failed download:
2026-05-08 09:19:40 [ERROR] ['MAPB.JK']: possibly delisted; no price data found  (period=1d)
2026-05-08 09:19:44 [ERROR] $MENN.JK: possibly delisted; no price data found  (period=1d)
2026-05-08 09:19:44 [ERROR] 
1 Failed download:
2026-05-08 09:19:44 [ERROR] ['MENN.JK']: possibly delisted; no price data found  (period=1d)
2026-05-08 09:19:44 [ERROR] $META.JK: possibly delisted; no price data found  (period=1d)
2026-05-08 09:19:44 [ERROR] 
1 Failed download:
2026-05-08 09:19:44 [ERROR] ['META.JK']: possibly delisted; no price data found  (period=1d)
2026-05-08 09:19:44 [ERROR] $MFMI.JK: possibly delisted; no price data found  (period=1d)
2026-05-08 09:19:44 [ERROR] 
1 Failed download:
2026-05-08 09:19:44 [ERROR] ['MFMI.JK']: possibly delisted; no price data found  (period=1d)
2026-05-08 09:19:51 [ERROR] $MPRO.JK: possibly delisted; no price data found  (period=1d)
2026-05-08 09:19:51 [ERROR] 
1 Failed download:
2026-05-08 09:19:51 [ERROR] ['MPRO.JK']: possibly delisted; no price data found  (period=1d)
2026-05-08 09:19:51 [ERROR] $MSIE.JK: possibly delisted; no price data found  (period=1d)
2026-05-08 09:19:51 [ERROR] 
1 Failed download:
2026-05-08 09:19:51 [ERROR] ['MSIE.JK']: possibly delisted; no price data found  (period=1d)
2026-05-08 09:19:54 [ERROR] $MTPS.JK: possibly delisted; no price data found  (period=1d)
2026-05-08 09:19:54 [ERROR] 
1 Failed download:
2026-05-08 09:19:54 [ERROR] ['MTPS.JK']: possibly delisted; no price data found  (period=1d)
2026-05-08 09:19:54 [ERROR] $MTSM.JK: possibly delisted; no price data found  (period=1d)
2026-05-08 09:19:54 [ERROR] 
1 Failed download:
2026-05-08 09:19:54 [ERROR] ['MTSM.JK']: possibly delisted; no price data found  (period=1d)
2026-05-08 09:20:08 [ERROR] $PLIN.JK: possibly delisted; no price data found  (period=1d)
2026-05-08 09:20:08 [ERROR] 
1 Failed download:
2026-05-08 09:20:08 [ERROR] ['PLIN.JK']: possibly delisted; no price data found  (period=1d)
2026-05-08 09:20:15 [ERROR] $PTMR.JK: possibly delisted; no price data found  (period=1d)
2026-05-08 09:20:15 [ERROR] 
1 Failed download:
2026-05-08 09:20:15 [ERROR] ['PTMR.JK']: possibly delisted; no price data found  (period=1d)
2026-05-08 09:20:18 [ERROR] $RAFI.JK: possibly delisted; no price data found  (period=1d)
2026-05-08 09:20:18 [ERROR] 
1 Failed download:
2026-05-08 09:20:18 [ERROR] ['RAFI.JK']: possibly delisted; no price data found  (period=1d)
2026-05-08 09:20:26 [ERROR] $SCPI.JK: possibly delisted; no price data found  (period=1d)
2026-05-08 09:20:26 [ERROR] 
1 Failed download:
2026-05-08 09:20:26 [ERROR] ['SCPI.JK']: possibly delisted; no price data found  (period=1d)
2026-05-08 09:20:30 [ERROR] $SMCB.JK: possibly delisted; no price data found  (period=1d)
2026-05-08 09:20:30 [ERROR] 
1 Failed download:
2026-05-08 09:20:30 [ERROR] ['SMCB.JK']: possibly delisted; no price data found  (period=1d)
2026-05-08 09:20:38 [ERROR] $SUPR.JK: possibly delisted; no price data found  (period=1d)
2026-05-08 09:20:38 [ERROR] 
1 Failed download:
2026-05-08 09:20:38 [ERROR] ['SUPR.JK']: possibly delisted; no price data found  (period=1d)
2026-05-08 09:20:41 [ERROR] $TFCO.JK: possibly delisted; no price data found  (period=1d)
2026-05-08 09:20:41 [ERROR] 
1 Failed download:
2026-05-08 09:20:41 [ERROR] ['TFCO.JK']: possibly delisted; no price data found  (period=1d)
2026-05-08 09:20:42 [ERROR] $TGUK.JK: possibly delisted; no price data found  (period=1d)
2026-05-08 09:20:42 [ERROR] 
1 Failed download:
2026-05-08 09:20:42 [ERROR] ['TGUK.JK']: possibly delisted; no price data found  (period=1d)
2026-05-08 09:20:58 [INFO] Scanner selesai (188.5s)
