2026-05-11 11:14:52 [INFO] Telegram config loaded.
2026-05-11 11:14:52 [INFO] Loaded 666 tickers from data/data.csv
2026-05-11 11:14:59 [ERROR] $AKKU.JK: possibly delisted; no price data found  (period=5d)
2026-05-11 11:14:59 [ERROR] 
1 Failed download:
2026-05-11 11:14:59 [ERROR] ['AKKU.JK']: possibly delisted; no price data found  (period=5d)
2026-05-11 11:15:21 [ERROR] $BIKE.JK: possibly delisted; no price data found  (period=5d)
2026-05-11 11:15:21 [ERROR] 
1 Failed download:
2026-05-11 11:15:21 [ERROR] ['BIKE.JK']: possibly delisted; no price data found  (period=5d)
2026-05-11 11:15:55 [ERROR] $EDGE.JK: possibly delisted; no price data found  (period=5d)
2026-05-11 11:15:55 [ERROR] 
1 Failed download:
2026-05-11 11:15:55 [ERROR] ['EDGE.JK']: possibly delisted; no price data found  (period=5d)
2026-05-11 11:16:01 [ERROR] $FASW.JK: possibly delisted; no price data found  (period=5d)
2026-05-11 11:16:01 [ERROR] 
1 Failed download:
2026-05-11 11:16:01 [ERROR] ['FASW.JK']: possibly delisted; no price data found  (period=5d)
2026-05-11 11:16:17 [ERROR] $HITS.JK: possibly delisted; no price data found  (period=5d)
2026-05-11 11:16:17 [ERROR] 
1 Failed download:
2026-05-11 11:16:17 [ERROR] ['HITS.JK']: possibly delisted; no price data found  (period=5d)
2026-05-11 11:16:20 [ERROR] $IBST.JK: possibly delisted; no price data found  (period=5d)
2026-05-11 11:16:20 [ERROR] 
1 Failed download:
2026-05-11 11:16:20 [ERROR] ['IBST.JK']: possibly delisted; no price data found  (period=5d)
2026-05-11 11:16:41 [ERROR] $KIAS.JK: possibly delisted; no price data found  (period=5d)
2026-05-11 11:16:41 [ERROR] 
1 Failed download:
2026-05-11 11:16:41 [ERROR] ['KIAS.JK']: possibly delisted; no price data found  (period=5d)
2026-05-11 11:16:52 [ERROR] $LMSH.JK: possibly delisted; no price data found  (period=5d)
2026-05-11 11:16:52 [ERROR] 
1 Failed download:
2026-05-11 11:16:52 [ERROR] ['LMSH.JK']: possibly delisted; no price data found  (period=5d)
2026-05-11 11:17:07 [ERROR] $MENN.JK: possibly delisted; no price data found  (period=5d)
2026-05-11 11:17:07 [ERROR] 
1 Failed download:
2026-05-11 11:17:07 [ERROR] ['MENN.JK']: possibly delisted; no price data found  (period=5d)
2026-05-11 11:17:09 [ERROR] $MFMI.JK: possibly delisted; no price data found  (period=5d)
2026-05-11 11:17:09 [ERROR] 
1 Failed download:
2026-05-11 11:17:09 [ERROR] ['MFMI.JK']: possibly delisted; no price data found  (period=5d)
2026-05-11 11:17:19 [ERROR] $MPRO.JK: possibly delisted; no price data found  (period=5d)
2026-05-11 11:17:19 [ERROR] 
1 Failed download:
2026-05-11 11:17:19 [ERROR] ['MPRO.JK']: possibly delisted; no price data found  (period=5d)
2026-05-11 11:17:25 [ERROR] $MTPS.JK: possibly delisted; no price data found  (period=5d)
2026-05-11 11:17:25 [ERROR] 
1 Failed download:
2026-05-11 11:17:25 [ERROR] ['MTPS.JK']: possibly delisted; no price data found  (period=5d)
2026-05-11 11:17:25 [ERROR] $MTSM.JK: possibly delisted; no price data found  (period=5d)
2026-05-11 11:17:25 [ERROR] 
1 Failed download:
2026-05-11 11:17:25 [ERROR] ['MTSM.JK']: possibly delisted; no price data found  (period=5d)
2026-05-11 11:17:42 [ERROR] $PLIN.JK: possibly delisted; no price data found  (period=5d)
2026-05-11 11:17:42 [ERROR] 
1 Failed download:
2026-05-11 11:17:42 [ERROR] ['PLIN.JK']: possibly delisted; no price data found  (period=5d)
2026-05-11 11:17:50 [ERROR] $PTMR.JK: possibly delisted; no price data found  (period=5d)
2026-05-11 11:17:50 [ERROR] 
1 Failed download:
2026-05-11 11:17:50 [ERROR] ['PTMR.JK']: possibly delisted; no price data found  (period=5d)
2026-05-11 11:17:53 [ERROR] $RAFI.JK: possibly delisted; no price data found  (period=5d)
2026-05-11 11:17:53 [ERROR] 
1 Failed download:
2026-05-11 11:17:53 [ERROR] ['RAFI.JK']: possibly delisted; no price data found  (period=5d)
2026-05-11 11:18:07 [ERROR] $SMCB.JK: possibly delisted; no price data found  (period=5d)
2026-05-11 11:18:07 [ERROR] 
1 Failed download:
2026-05-11 11:18:07 [ERROR] ['SMCB.JK']: possibly delisted; no price data found  (period=5d)
2026-05-11 11:18:15 [ERROR] $SUPR.JK: possibly delisted; no price data found  (period=5d)
2026-05-11 11:18:15 [ERROR] 
1 Failed download:
2026-05-11 11:18:15 [ERROR] ['SUPR.JK']: possibly delisted; no price data found  (period=5d)
2026-05-11 11:18:20 [ERROR] $TGUK.JK: possibly delisted; no price data found  (period=5d)
2026-05-11 11:18:20 [ERROR] 
1 Failed download:
2026-05-11 11:18:20 [ERROR] ['TGUK.JK']: possibly delisted; no price data found  (period=5d)
