2026-05-11 10:53:56 [INFO] Telegram Config Loaded. Chat ID: -6711779207
2026-05-11 10:53:56 [INFO] Screener V4.1.0 mode=SESI2 dimulai.
2026-05-11 10:53:56 [INFO] Sesi 1 dimuat → 0 saham
2026-05-11 10:53:56 [INFO] Membaca 'data/data.csv' (kolom: AADI)
2026-05-11 10:53:56 [INFO] Total ticker unik: 666
2026-05-11 10:53:58 [ERROR] $AKKU.JK: possibly delisted; no price data found  (period=1d)
2026-05-11 10:53:58 [ERROR] 
1 Failed download:
2026-05-11 10:53:58 [ERROR] ['AKKU.JK']: possibly delisted; no price data found  (period=1d)
2026-05-11 10:54:06 [ERROR] $BIKE.JK: possibly delisted; no price data found  (period=1d)
2026-05-11 10:54:06 [ERROR] 
1 Failed download:
2026-05-11 10:54:06 [ERROR] ['BIKE.JK']: possibly delisted; no price data found  (period=1d)
2026-05-11 10:54:32 [ERROR] $EDGE.JK: possibly delisted; no price data found  (period=1d)
2026-05-11 10:54:32 [ERROR] 
1 Failed download:
2026-05-11 10:54:32 [ERROR] ['EDGE.JK']: possibly delisted; no price data found  (period=1d)
2026-05-11 10:54:36 [ERROR] $FASW.JK: possibly delisted; no price data found  (period=1d)
2026-05-11 10:54:36 [ERROR] 
1 Failed download:
2026-05-11 10:54:36 [ERROR] ['FASW.JK']: possibly delisted; no price data found  (period=1d)
2026-05-11 10:54:49 [ERROR] $HITS.JK: possibly delisted; no price data found  (period=1d)
2026-05-11 10:54:49 [ERROR] 
1 Failed download:
2026-05-11 10:54:49 [ERROR] ['HITS.JK']: possibly delisted; no price data found  (period=1d)
2026-05-11 10:54:52 [ERROR] $IBST.JK: possibly delisted; no price data found  (period=1d)
2026-05-11 10:54:53 [ERROR] 
1 Failed download:
2026-05-11 10:54:53 [ERROR] ['IBST.JK']: possibly delisted; no price data found  (period=1d)
2026-05-11 10:54:54 [ERROR] $IIKP.JK: possibly delisted; no price data found  (period=1d)
2026-05-11 10:54:54 [ERROR] 
1 Failed download:
2026-05-11 10:54:54 [ERROR] ['IIKP.JK']: possibly delisted; no price data found  (period=1d)
2026-05-11 10:54:58 [ERROR] $INPP.JK: possibly delisted; no price data found  (period=1d)
2026-05-11 10:54:58 [ERROR] 
1 Failed download:
2026-05-11 10:54:58 [ERROR] ['INPP.JK']: possibly delisted; no price data found  (period=1d)
2026-05-11 10:55:11 [ERROR] $KIAS.JK: possibly delisted; no price data found  (period=1d)
2026-05-11 10:55:11 [ERROR] 
1 Failed download:
2026-05-11 10:55:11 [ERROR] ['KIAS.JK']: possibly delisted; no price data found  (period=1d)
2026-05-11 10:55:20 [ERROR] $LMSH.JK: possibly delisted; no price data found  (period=1d)
2026-05-11 10:55:20 [ERROR] 
1 Failed download:
2026-05-11 10:55:20 [ERROR] ['LMSH.JK']: possibly delisted; no price data found  (period=1d)
2026-05-11 10:55:27 [ERROR] $MENN.JK: possibly delisted; no price data found  (period=1d)
2026-05-11 10:55:27 [ERROR] 
1 Failed download:
2026-05-11 10:55:27 [ERROR] ['MENN.JK']: possibly delisted; no price data found  (period=1d)
2026-05-11 10:55:29 [ERROR] $META.JK: possibly delisted; no price data found  (period=1d)
2026-05-11 10:55:29 [ERROR] 
1 Failed download:
2026-05-11 10:55:29 [ERROR] ['META.JK']: possibly delisted; no price data found  (period=1d)
2026-05-11 10:55:29 [ERROR] $MFMI.JK: possibly delisted; no price data found  (period=1d)
2026-05-11 10:55:29 [ERROR] 
1 Failed download:
2026-05-11 10:55:29 [ERROR] ['MFMI.JK']: possibly delisted; no price data found  (period=1d)
2026-05-11 10:55:32 [ERROR] $MPRO.JK: possibly delisted; no price data found  (period=1d)
2026-05-11 10:55:32 [ERROR] 
1 Failed download:
2026-05-11 10:55:32 [ERROR] ['MPRO.JK']: possibly delisted; no price data found  (period=1d)
2026-05-11 10:55:32 [ERROR] $MSIE.JK: possibly delisted; no price data found  (period=1d)
2026-05-11 10:55:32 [ERROR] 
1 Failed download:
2026-05-11 10:55:32 [ERROR] ['MSIE.JK']: possibly delisted; no price data found  (period=1d)
2026-05-11 10:55:35 [ERROR] $MTPS.JK: possibly delisted; no price data found  (period=1d)
2026-05-11 10:55:35 [ERROR] 
1 Failed download:
2026-05-11 10:55:35 [ERROR] ['MTPS.JK']: possibly delisted; no price data found  (period=1d)
2026-05-11 10:55:35 [ERROR] $MTSM.JK: possibly delisted; no price data found  (period=1d)
2026-05-11 10:55:35 [ERROR] 
1 Failed download:
2026-05-11 10:55:35 [ERROR] ['MTSM.JK']: possibly delisted; no price data found  (period=1d)
2026-05-11 10:55:55 [ERROR] $PLIN.JK: possibly delisted; no price data found  (period=1d)
2026-05-11 10:55:55 [ERROR] 
1 Failed download:
2026-05-11 10:55:55 [ERROR] ['PLIN.JK']: possibly delisted; no price data found  (period=1d)
2026-05-11 10:55:58 [ERROR] $PTMR.JK: possibly delisted; no price data found  (period=1d)
2026-05-11 10:55:58 [ERROR] 
1 Failed download:
2026-05-11 10:55:58 [ERROR] ['PTMR.JK']: possibly delisted; no price data found  (period=1d)
2026-05-11 10:56:00 [ERROR] $RAFI.JK: possibly delisted; no price data found  (period=1d)
2026-05-11 10:56:00 [ERROR] 
1 Failed download:
2026-05-11 10:56:00 [ERROR] ['RAFI.JK']: possibly delisted; no price data found  (period=1d)
2026-05-11 10:56:10 [ERROR] $SCPI.JK: possibly delisted; no price data found  (period=1d)
2026-05-11 10:56:10 [ERROR] 
1 Failed download:
2026-05-11 10:56:10 [ERROR] ['SCPI.JK']: possibly delisted; no price data found  (period=1d)
2026-05-11 10:56:16 [ERROR] $SMCB.JK: possibly delisted; no price data found  (period=1d)
2026-05-11 10:56:16 [ERROR] 
1 Failed download:
2026-05-11 10:56:16 [ERROR] ['SMCB.JK']: possibly delisted; no price data found  (period=1d)
2026-05-11 10:56:27 [ERROR] $SUPR.JK: possibly delisted; no price data found  (period=1d)
2026-05-11 10:56:27 [ERROR] 
1 Failed download:
2026-05-11 10:56:27 [ERROR] ['SUPR.JK']: possibly delisted; no price data found  (period=1d)
2026-05-11 10:56:30 [ERROR] $TFCO.JK: possibly delisted; no price data found  (period=1d)
2026-05-11 10:56:30 [ERROR] 
1 Failed download:
2026-05-11 10:56:30 [ERROR] ['TFCO.JK']: possibly delisted; no price data found  (period=1d)
2026-05-11 10:56:31 [ERROR] $TGUK.JK: possibly delisted; no price data found  (period=1d)
2026-05-11 10:56:31 [ERROR] 
1 Failed download:
2026-05-11 10:56:31 [ERROR] ['TGUK.JK']: possibly delisted; no price data found  (period=1d)
2026-05-11 10:56:45 [ERROR] Telegram error 400: {"ok":false,"error_code":400,"description":"Bad Request: chat not found"}
2026-05-11 10:56:45 [INFO] Scanner selesai (169.0s)
