2026-05-11 07:14:32 [INFO] Telegram Config Loaded. Chat ID: -6711779207
2026-05-11 07:14:32 [INFO] Screener V4.1.0 mode=SESI1 dimulai.
2026-05-11 07:14:32 [INFO] Membaca 'data/data.csv' (kolom: AADI)
2026-05-11 07:14:32 [INFO] Total ticker unik: 666
2026-05-11 07:14:34 [ERROR] $AKKU.JK: possibly delisted; no price data found  (period=1d)
2026-05-11 07:14:34 [ERROR] 
1 Failed download:
2026-05-11 07:14:34 [ERROR] ['AKKU.JK']: possibly delisted; no price data found  (period=1d)
2026-05-11 07:14:44 [ERROR] $BIKE.JK: possibly delisted; no price data found  (period=1d)
2026-05-11 07:14:44 [ERROR] 
1 Failed download:
2026-05-11 07:14:44 [ERROR] ['BIKE.JK']: possibly delisted; no price data found  (period=1d)
2026-05-11 07:14:45 [ERROR] $BLTZ.JK: possibly delisted; no price data found  (period=1d)
2026-05-11 07:14:45 [ERROR] 
1 Failed download:
2026-05-11 07:14:45 [ERROR] ['BLTZ.JK']: possibly delisted; no price data found  (period=1d)
2026-05-11 07:14:59 [ERROR] $EDGE.JK: possibly delisted; no price data found  (period=1d)
2026-05-11 07:14:59 [ERROR] 
1 Failed download:
2026-05-11 07:14:59 [ERROR] ['EDGE.JK']: possibly delisted; no price data found  (period=1d)
2026-05-11 07:15:01 [ERROR] $FASW.JK: possibly delisted; no price data found  (period=1d)
2026-05-11 07:15:01 [ERROR] 
1 Failed download:
2026-05-11 07:15:01 [ERROR] ['FASW.JK']: possibly delisted; no price data found  (period=1d)
2026-05-11 07:15:08 [ERROR] $HITS.JK: possibly delisted; no price data found  (period=1d)
2026-05-11 07:15:08 [ERROR] 
1 Failed download:
2026-05-11 07:15:08 [ERROR] ['HITS.JK']: possibly delisted; no price data found  (period=1d)
2026-05-11 07:15:09 [ERROR] $IBST.JK: possibly delisted; no price data found  (period=1d)
2026-05-11 07:15:09 [ERROR] 
1 Failed download:
2026-05-11 07:15:09 [ERROR] ['IBST.JK']: possibly delisted; no price data found  (period=1d)
2026-05-11 07:15:10 [ERROR] $IIKP.JK: possibly delisted; no price data found  (period=1d)
2026-05-11 07:15:10 [ERROR] 
1 Failed download:
2026-05-11 07:15:10 [ERROR] ['IIKP.JK']: possibly delisted; no price data found  (period=1d)
2026-05-11 07:15:12 [ERROR] $INPP.JK: possibly delisted; no price data found  (period=1d)
2026-05-11 07:15:12 [ERROR] 
1 Failed download:
2026-05-11 07:15:12 [ERROR] ['INPP.JK']: possibly delisted; no price data found  (period=1d)
2026-05-11 07:15:17 [ERROR] $KIAS.JK: possibly delisted; no price data found  (period=1d)
2026-05-11 07:15:17 [ERROR] 
1 Failed download:
2026-05-11 07:15:17 [ERROR] ['KIAS.JK']: possibly delisted; no price data found  (period=1d)
2026-05-11 07:15:21 [ERROR] $LFLO.JK: possibly delisted; no price data found  (period=1d)
2026-05-11 07:15:21 [ERROR] 
1 Failed download:
2026-05-11 07:15:21 [ERROR] ['LFLO.JK']: possibly delisted; no price data found  (period=1d)
2026-05-11 07:15:21 [ERROR] $LMSH.JK: possibly delisted; no price data found  (period=1d)
2026-05-11 07:15:21 [ERROR] 
1 Failed download:
2026-05-11 07:15:21 [ERROR] ['LMSH.JK']: possibly delisted; no price data found  (period=1d)
2026-05-11 07:15:25 [ERROR] $MENN.JK: possibly delisted; no price data found  (period=1d)
2026-05-11 07:15:25 [ERROR] 
1 Failed download:
2026-05-11 07:15:25 [ERROR] ['MENN.JK']: possibly delisted; no price data found  (period=1d)
2026-05-11 07:15:26 [ERROR] $META.JK: possibly delisted; no price data found  (period=1d)
2026-05-11 07:15:26 [ERROR] 
1 Failed download:
2026-05-11 07:15:26 [ERROR] ['META.JK']: possibly delisted; no price data found  (period=1d)
2026-05-11 07:15:26 [ERROR] $MFMI.JK: possibly delisted; no price data found  (period=1d)
2026-05-11 07:15:26 [ERROR] 
1 Failed download:
2026-05-11 07:15:26 [ERROR] ['MFMI.JK']: possibly delisted; no price data found  (period=1d)
2026-05-11 07:15:29 [ERROR] $MPRO.JK: possibly delisted; no price data found  (period=1d)
2026-05-11 07:15:29 [ERROR] 
1 Failed download:
2026-05-11 07:15:29 [ERROR] ['MPRO.JK']: possibly delisted; no price data found  (period=1d)
2026-05-11 07:15:29 [ERROR] $MSIE.JK: possibly delisted; no price data found  (period=1d)
2026-05-11 07:15:29 [ERROR] 
1 Failed download:
2026-05-11 07:15:29 [ERROR] ['MSIE.JK']: possibly delisted; no price data found  (period=1d)
2026-05-11 07:15:30 [ERROR] $MTPS.JK: possibly delisted; no price data found  (period=1d)
2026-05-11 07:15:30 [ERROR] 
1 Failed download:
2026-05-11 07:15:30 [ERROR] ['MTPS.JK']: possibly delisted; no price data found  (period=1d)
2026-05-11 07:15:30 [ERROR] $MTSM.JK: possibly delisted; no price data found  (period=1d)
2026-05-11 07:15:30 [ERROR] 
1 Failed download:
2026-05-11 07:15:30 [ERROR] ['MTSM.JK']: possibly delisted; no price data found  (period=1d)
2026-05-11 07:15:37 [ERROR] $PLIN.JK: possibly delisted; no price data found  (period=1d)
2026-05-11 07:15:37 [ERROR] 
1 Failed download:
2026-05-11 07:15:37 [ERROR] ['PLIN.JK']: possibly delisted; no price data found  (period=1d)
2026-05-11 07:15:40 [ERROR] $PTMR.JK: possibly delisted; no price data found  (period=1d)
2026-05-11 07:15:40 [ERROR] 
1 Failed download:
2026-05-11 07:15:40 [ERROR] ['PTMR.JK']: possibly delisted; no price data found  (period=1d)
2026-05-11 07:15:41 [ERROR] $RAFI.JK: possibly delisted; no price data found  (period=1d)
2026-05-11 07:15:41 [ERROR] 
1 Failed download:
2026-05-11 07:15:41 [ERROR] ['RAFI.JK']: possibly delisted; no price data found  (period=1d)
2026-05-11 07:15:42 [ERROR] $RDTX.JK: possibly delisted; no price data found  (period=1d)
2026-05-11 07:15:42 [ERROR] 
1 Failed download:
2026-05-11 07:15:42 [ERROR] ['RDTX.JK']: possibly delisted; no price data found  (period=1d)
2026-05-11 07:15:44 [ERROR] $SCPI.JK: possibly delisted; no price data found  (period=1d)
2026-05-11 07:15:44 [ERROR] 
1 Failed download:
2026-05-11 07:15:44 [ERROR] ['SCPI.JK']: possibly delisted; no price data found  (period=1d)
2026-05-11 07:15:46 [ERROR] $SMCB.JK: possibly delisted; no price data found  (period=1d)
2026-05-11 07:15:46 [ERROR] 
1 Failed download:
2026-05-11 07:15:46 [ERROR] ['SMCB.JK']: possibly delisted; no price data found  (period=1d)
2026-05-11 07:15:50 [ERROR] $SUPR.JK: possibly delisted; no price data found  (period=1d)
2026-05-11 07:15:50 [ERROR] 
1 Failed download:
2026-05-11 07:15:50 [ERROR] ['SUPR.JK']: possibly delisted; no price data found  (period=1d)
2026-05-11 07:15:51 [ERROR] $TFCO.JK: possibly delisted; no price data found  (period=1d)
2026-05-11 07:15:51 [ERROR] 
1 Failed download:
2026-05-11 07:15:51 [ERROR] ['TFCO.JK']: possibly delisted; no price data found  (period=1d)
2026-05-11 07:15:52 [ERROR] $TGKA.JK: possibly delisted; no price data found  (period=1d)
2026-05-11 07:15:52 [ERROR] 
1 Failed download:
2026-05-11 07:15:52 [ERROR] ['TGKA.JK']: possibly delisted; no price data found  (period=1d)
2026-05-11 07:15:52 [ERROR] $TGUK.JK: possibly delisted; no price data found  (period=1d)
2026-05-11 07:15:52 [ERROR] 
1 Failed download:
2026-05-11 07:15:52 [ERROR] ['TGUK.JK']: possibly delisted; no price data found  (period=1d)
2026-05-11 07:15:59 [INFO] Sesi 1 tersimpan → data/sessions/sesi1_20260511.json (0 saham)
2026-05-11 07:15:59 [ERROR] Telegram error 400: {"ok":false,"error_code":400,"description":"Bad Request: chat not found"}
2026-05-11 07:15:59 [INFO] Scanner selesai (87.0s)
