2026-05-08 07:00:00 [INFO] Telegram Config Loaded. Chat ID: 6711779207
2026-05-08 07:00:00 [INFO] Screener V4.1.0 mode=SESI2 dimulai.
2026-05-08 07:00:00 [INFO] Sesi 1 dimuat → 0 saham
2026-05-08 07:00:00 [INFO] Membaca 'data/data.csv' (kolom: AADI)
2026-05-08 07:00:00 [INFO] Total ticker unik: 666
2026-05-08 07:00:02 [ERROR] $AKKU.JK: possibly delisted; no price data found  (period=1d)
2026-05-08 07:00:02 [ERROR] 
1 Failed download:
2026-05-08 07:00:02 [ERROR] ['AKKU.JK']: possibly delisted; no price data found  (period=1d)
2026-05-08 07:00:12 [ERROR] $BIKE.JK: possibly delisted; no price data found  (period=1d)
2026-05-08 07:00:12 [ERROR] 
1 Failed download:
2026-05-08 07:00:12 [ERROR] ['BIKE.JK']: possibly delisted; no price data found  (period=1d)
2026-05-08 07:00:14 [ERROR] $BLTZ.JK: possibly delisted; no price data found  (period=1d)
2026-05-08 07:00:14 [ERROR] 
1 Failed download:
2026-05-08 07:00:14 [ERROR] ['BLTZ.JK']: possibly delisted; no price data found  (period=1d)
2026-05-08 07:00:39 [ERROR] $EDGE.JK: possibly delisted; no price data found  (period=1d)
2026-05-08 07:00:39 [ERROR] 
1 Failed download:
2026-05-08 07:00:39 [ERROR] ['EDGE.JK']: possibly delisted; no price data found  (period=1d)
2026-05-08 07:00:41 [ERROR] $FASW.JK: possibly delisted; no price data found  (period=1d)
2026-05-08 07:00:41 [ERROR] 
1 Failed download:
2026-05-08 07:00:41 [ERROR] ['FASW.JK']: possibly delisted; no price data found  (period=1d)
2026-05-08 07:00:50 [ERROR] $HITS.JK: possibly delisted; no price data found  (period=1d)
2026-05-08 07:00:50 [ERROR] 
1 Failed download:
2026-05-08 07:00:50 [ERROR] ['HITS.JK']: possibly delisted; no price data found  (period=1d)
2026-05-08 07:00:53 [ERROR] $IBST.JK: possibly delisted; no price data found  (period=1d)
2026-05-08 07:00:53 [ERROR] 
1 Failed download:
2026-05-08 07:00:53 [ERROR] ['IBST.JK']: possibly delisted; no price data found  (period=1d)
2026-05-08 07:00:54 [ERROR] $IIKP.JK: possibly delisted; no price data found  (period=1d)
2026-05-08 07:00:54 [ERROR] 
1 Failed download:
2026-05-08 07:00:54 [ERROR] ['IIKP.JK']: possibly delisted; no price data found  (period=1d)
2026-05-08 07:00:57 [ERROR] $INPP.JK: possibly delisted; no price data found  (period=1d)
2026-05-08 07:00:57 [ERROR] 
1 Failed download:
2026-05-08 07:00:57 [ERROR] ['INPP.JK']: possibly delisted; no price data found  (period=1d)
2026-05-08 07:01:02 [ERROR] $KIAS.JK: possibly delisted; no price data found  (period=1d)
2026-05-08 07:01:02 [ERROR] 
1 Failed download:
2026-05-08 07:01:02 [ERROR] ['KIAS.JK']: possibly delisted; no price data found  (period=1d)
2026-05-08 07:01:13 [ERROR] $KOIN.JK: possibly delisted; no price data found  (period=1d)
2026-05-08 07:01:13 [ERROR] 
1 Failed download:
2026-05-08 07:01:13 [ERROR] ['KOIN.JK']: possibly delisted; no price data found  (period=1d)
2026-05-08 07:01:15 [ERROR] $LMSH.JK: possibly delisted; no price data found  (period=1d)
2026-05-08 07:01:15 [ERROR] 
1 Failed download:
2026-05-08 07:01:15 [ERROR] ['LMSH.JK']: possibly delisted; no price data found  (period=1d)
2026-05-08 07:01:17 [ERROR] $MAPB.JK: possibly delisted; no price data found  (period=1d)
2026-05-08 07:01:17 [ERROR] 
1 Failed download:
2026-05-08 07:01:17 [ERROR] ['MAPB.JK']: possibly delisted; no price data found  (period=1d)
2026-05-08 07:01:20 [ERROR] $MENN.JK: possibly delisted; no price data found  (period=1d)
2026-05-08 07:01:20 [ERROR] 
1 Failed download:
2026-05-08 07:01:20 [ERROR] ['MENN.JK']: possibly delisted; no price data found  (period=1d)
2026-05-08 07:01:21 [ERROR] $META.JK: possibly delisted; no price data found  (period=1d)
2026-05-08 07:01:21 [ERROR] 
1 Failed download:
2026-05-08 07:01:21 [ERROR] ['META.JK']: possibly delisted; no price data found  (period=1d)
2026-05-08 07:01:21 [ERROR] $MFMI.JK: possibly delisted; no price data found  (period=1d)
2026-05-08 07:01:21 [ERROR] 
1 Failed download:
2026-05-08 07:01:21 [ERROR] ['MFMI.JK']: possibly delisted; no price data found  (period=1d)
2026-05-08 07:01:25 [ERROR] $MPRO.JK: possibly delisted; no price data found  (period=1d)
2026-05-08 07:01:25 [ERROR] 
1 Failed download:
2026-05-08 07:01:25 [ERROR] ['MPRO.JK']: possibly delisted; no price data found  (period=1d)
2026-05-08 07:01:25 [ERROR] $MSIE.JK: possibly delisted; no price data found  (period=1d)
2026-05-08 07:01:25 [ERROR] 
1 Failed download:
2026-05-08 07:01:25 [ERROR] ['MSIE.JK']: possibly delisted; no price data found  (period=1d)
2026-05-08 07:01:26 [ERROR] $MTPS.JK: possibly delisted; no price data found  (period=1d)
2026-05-08 07:01:26 [ERROR] 
1 Failed download:
2026-05-08 07:01:26 [ERROR] ['MTPS.JK']: possibly delisted; no price data found  (period=1d)
2026-05-08 07:01:26 [ERROR] $MTSM.JK: possibly delisted; no price data found  (period=1d)
2026-05-08 07:01:26 [ERROR] 
1 Failed download:
2026-05-08 07:01:26 [ERROR] ['MTSM.JK']: possibly delisted; no price data found  (period=1d)
2026-05-08 07:01:33 [ERROR] $OMRE.JK: possibly delisted; no price data found  (period=1d)
2026-05-08 07:01:33 [ERROR] 
1 Failed download:
2026-05-08 07:01:33 [ERROR] ['OMRE.JK']: possibly delisted; no price data found  (period=1d)
2026-05-08 07:01:38 [ERROR] $PLIN.JK: possibly delisted; no price data found  (period=1d)
2026-05-08 07:01:38 [ERROR] 
1 Failed download:
2026-05-08 07:01:38 [ERROR] ['PLIN.JK']: possibly delisted; no price data found  (period=1d)
2026-05-08 07:01:43 [ERROR] $PTMR.JK: possibly delisted; no price data found  (period=1d)
2026-05-08 07:01:43 [ERROR] 
1 Failed download:
2026-05-08 07:01:43 [ERROR] ['PTMR.JK']: possibly delisted; no price data found  (period=1d)
2026-05-08 07:01:43 [ERROR] $PTPW.JK: possibly delisted; no price data found  (period=1d)
2026-05-08 07:01:43 [ERROR] 
1 Failed download:
2026-05-08 07:01:43 [ERROR] ['PTPW.JK']: possibly delisted; no price data found  (period=1d)
2026-05-08 07:01:44 [ERROR] $RAFI.JK: possibly delisted; no price data found  (period=1d)
2026-05-08 07:01:44 [ERROR] 
1 Failed download:
2026-05-08 07:01:44 [ERROR] ['RAFI.JK']: possibly delisted; no price data found  (period=1d)
2026-05-08 07:01:52 [ERROR] $SCPI.JK: possibly delisted; no price data found  (period=1d)
2026-05-08 07:01:52 [ERROR] 
1 Failed download:
2026-05-08 07:01:52 [ERROR] ['SCPI.JK']: possibly delisted; no price data found  (period=1d)
2026-05-08 07:01:55 [ERROR] $SMCB.JK: possibly delisted; no price data found  (period=1d)
2026-05-08 07:01:55 [ERROR] 
1 Failed download:
2026-05-08 07:01:55 [ERROR] ['SMCB.JK']: possibly delisted; no price data found  (period=1d)
2026-05-08 07:02:00 [ERROR] $SUPR.JK: possibly delisted; no price data found  (period=1d)
2026-05-08 07:02:00 [ERROR] 
1 Failed download:
2026-05-08 07:02:00 [ERROR] ['SUPR.JK']: possibly delisted; no price data found  (period=1d)
2026-05-08 07:02:05 [ERROR] $TFCO.JK: possibly delisted; no price data found  (period=1d)
2026-05-08 07:02:05 [ERROR] 
1 Failed download:
2026-05-08 07:02:05 [ERROR] ['TFCO.JK']: possibly delisted; no price data found  (period=1d)
2026-05-08 07:02:05 [ERROR] $TGUK.JK: possibly delisted; no price data found  (period=1d)
2026-05-08 07:02:05 [ERROR] 
1 Failed download:
2026-05-08 07:02:05 [ERROR] ['TGUK.JK']: possibly delisted; no price data found  (period=1d)
2026-05-08 07:02:21 [INFO] Scanner selesai (139.9s)
